  Summary for all Polarization Directives:

  * Ionic Polarization along rec. latt. vecs. is (C/m^2):       176.466510E-03      176.466510E-03     -176.466510E-03
  * Electronic Contributions:
    Summarizing all directives:
    - Directive    1 in direction of rec. latt. vec.  3 yields the electronic polarization (Berry term):         143.240192E-03 (C/m^2)
    - Directive    2 in direction of rec. latt. vec.  3 yields the electronic polarization (Berry term):         143.240192E-03 (C/m^2)
    - Directive    3 in direction of rec. latt. vec.  3 yields the electronic polarization (Berry term):         143.716579E-03 (C/m^2)
    - Directive    1 in direction of rec. latt. vec.  3 yields the electronic polarization (Dipole term):          3.517024E-03 (C/m^2)
    - Directive    2 in direction of rec. latt. vec.  3 yields the electronic polarization (Dipole term):          3.517024E-03 (C/m^2)
    - Directive    3 in direction of rec. latt. vec.  3 yields the electronic polarization (Dipole term):          3.516894E-03 (C/m^2)
  * Full Polarizations (Electron + Ions):
    Summarizing all directives:
    - Directive    1 in direction of rec. latt. vec.  3 yields the full polarization      :       -29.709295E-03 (C/m^2)
    - Directive    2 in direction of rec. latt. vec.  3 yields the full polarization      :       -29.709295E-03 (C/m^2)
    - Directive    3 in direction of rec. latt. vec.  3 yields the full polarization      :       -29.233037E-03 (C/m^2)
  | Cartesian Polarization                  -51.045557E-03        -51.045557E-03        -51.458008E-03

------------------------------------------------------------


------------------------------------------------------------------------------
  Final output of selected total energy values:

  The following output summarizes some interesting total energy values
  at the end of a run (AFTER all relaxation, molecular dynamics, etc.).

  | Total energy of the DFT / Hartree-Fock s.c.f. calculation      :          -7507.954523200 eV
  | Final zero-broadening corrected energy (caution - metals only) :          -7507.954523200 eV
  | For reference only, the value of 1 Hartree used in FHI-aims is :             27.211384500 eV
  | For reference only, the overall average (free atom contribution
  | + realspace contribution) of the electrostatic potential after
  | s.c.f. convergence is                                          :            -16.722342778 eV


------------------------------------------------------------
          Leaving FHI-aims.
          Have a nice day.
------------------------------------------------------------
